Fingerprint_sensor_GT511C3.c:32:6:finger_print_test_function	16	static
Fingerprint_sensor_GT511C3.c:166:5:touch_send	24	static
Fingerprint_sensor_GT511C3.c:180:5:touch_rcv	32	static
Fingerprint_sensor_GT511C3.c:192:10:get_checksum	24	static
Fingerprint_sensor_GT511C3.c:203:6:create_command_package	32	static
Fingerprint_sensor_GT511C3.c:222:5:rcv_ack	32	static
Fingerprint_sensor_GT511C3.c:242:6:touch_bakcklight	16	static
Fingerprint_sensor_GT511C3.c:259:5:touch_is_press_finger	8	static
Fingerprint_sensor_GT511C3.c:274:5:touch_delete_all_fingerprints	8	static
Fingerprint_sensor_GT511C3.c:283:6:touch_enroll_start	16	static
Fingerprint_sensor_GT511C3.c:296:5:touch_capture_finger	8	static
Fingerprint_sensor_GT511C3.c:308:6:touch_enroll_1	8	static
Fingerprint_sensor_GT511C3.c:318:6:touch_enroll_2	8	static
Fingerprint_sensor_GT511C3.c:329:6:touch_enroll_3	24	static
Fingerprint_sensor_GT511C3.c:352:6:touch_open	24	static
Fingerprint_sensor_GT511C3.c:376:5:touch_enrolled_count	16	static
Fingerprint_sensor_GT511C3.c:397:5:identify	24	static
Fingerprint_sensor_GT511C3.c:439:6:wait_for_finger	8	static
Fingerprint_sensor_GT511C3.c:445:6:wait_for_finger_release	8	static
Fingerprint_sensor_GT511C3.c:451:6:identification_enroll_user	16	static
Fingerprint_sensor_GT511C3.c:485:5:touch_check_enrolled	24	static
