Fingerprint_sensor_GT511C3.c:34:5:touch_send	24	static
Fingerprint_sensor_GT511C3.c:48:5:touch_rcv	32	static
Fingerprint_sensor_GT511C3.c:60:10:get_checksum	24	static
Fingerprint_sensor_GT511C3.c:71:6:create_command_package	32	static
Fingerprint_sensor_GT511C3.c:90:5:rcv_ack	32	static
Fingerprint_sensor_GT511C3.c:110:6:touch_bakcklight	16	static
Fingerprint_sensor_GT511C3.c:127:5:touch_is_press_finger	8	static
Fingerprint_sensor_GT511C3.c:142:5:touch_delete_all_fingerprints	8	static
Fingerprint_sensor_GT511C3.c:151:6:touch_enroll_start	16	static
Fingerprint_sensor_GT511C3.c:164:5:touch_capture_finger	8	static
Fingerprint_sensor_GT511C3.c:176:6:touch_enroll_1	8	static
Fingerprint_sensor_GT511C3.c:186:6:touch_enroll_2	8	static
Fingerprint_sensor_GT511C3.c:197:6:touch_enroll_3	24	static
Fingerprint_sensor_GT511C3.c:220:6:touch_open	24	static
Fingerprint_sensor_GT511C3.c:244:5:touch_enrolled_count	16	static
Fingerprint_sensor_GT511C3.c:265:5:identify	24	static
Fingerprint_sensor_GT511C3.c:308:6:wait_for_finger	8	static
Fingerprint_sensor_GT511C3.c:314:6:wait_for_finger_release	8	static
Fingerprint_sensor_GT511C3.c:320:6:identification_enroll_user	48	static
Fingerprint_sensor_GT511C3.c:353:6:my_wait_for_finger	16	static
Fingerprint_sensor_GT511C3.c:361:6:my_wait_for_finger_release	16	static
Fingerprint_sensor_GT511C3.c:368:6:my_identification_enroll_user	24	static
Fingerprint_sensor_GT511C3.c:411:5:touch_check_enrolled	24	static
