Fingerprint_sensor_GT511C3.c:33:6:finger_print_test_function	16	static
Fingerprint_sensor_GT511C3.c:141:6:touch_send	24	static
Fingerprint_sensor_GT511C3.c:153:5:touch_rcv	24	static
Fingerprint_sensor_GT511C3.c:158:10:get_checksum	24	static
Fingerprint_sensor_GT511C3.c:169:6:create_command_package	32	static
Fingerprint_sensor_GT511C3.c:187:5:rcv_ack	32	static
Fingerprint_sensor_GT511C3.c:207:6:touch_bakcklight	16	static
Fingerprint_sensor_GT511C3.c:224:5:touch_is_press_finger	8	static
Fingerprint_sensor_GT511C3.c:239:6:touch_delete_all_fingerprints	8	static
Fingerprint_sensor_GT511C3.c:248:6:touch_enroll_start	16	static
Fingerprint_sensor_GT511C3.c:261:5:touch_capture_finger	8	static
Fingerprint_sensor_GT511C3.c:273:6:touch_enroll_1	8	static
Fingerprint_sensor_GT511C3.c:283:6:touch_enroll_2	8	static
Fingerprint_sensor_GT511C3.c:294:6:touch_enroll_3	24	static
Fingerprint_sensor_GT511C3.c:317:6:touch_open	24	static
Fingerprint_sensor_GT511C3.c:341:5:touch_enrolled_count	16	static
Fingerprint_sensor_GT511C3.c:358:5:identify	24	static
Fingerprint_sensor_GT511C3.c:409:6:wait_for_finger	8	static
Fingerprint_sensor_GT511C3.c:415:6:wait_for_finger_release	8	static
Fingerprint_sensor_GT511C3.c:421:6:identification_enroll_user	16	static
Fingerprint_sensor_GT511C3.c:447:6:identification_check	16	static
Fingerprint_sensor_GT511C3.c:459:5:touch_check_enrolled	24	static
