Fingerprint_sensor_GT511C3.c:36:6:finger_print_test_function	16	static
Fingerprint_sensor_GT511C3.c:170:5:touch_send	24	static
Fingerprint_sensor_GT511C3.c:184:5:touch_rcv	32	static
Fingerprint_sensor_GT511C3.c:196:10:get_checksum	24	static
Fingerprint_sensor_GT511C3.c:207:6:create_command_package	32	static
Fingerprint_sensor_GT511C3.c:226:5:rcv_ack	32	static
Fingerprint_sensor_GT511C3.c:246:6:touch_bakcklight	16	static
Fingerprint_sensor_GT511C3.c:263:5:touch_is_press_finger	8	static
Fingerprint_sensor_GT511C3.c:278:5:touch_delete_all_fingerprints	8	static
Fingerprint_sensor_GT511C3.c:287:6:touch_enroll_start	16	static
Fingerprint_sensor_GT511C3.c:300:5:touch_capture_finger	8	static
Fingerprint_sensor_GT511C3.c:312:6:touch_enroll_1	8	static
Fingerprint_sensor_GT511C3.c:322:6:touch_enroll_2	8	static
Fingerprint_sensor_GT511C3.c:333:6:touch_enroll_3	24	static
Fingerprint_sensor_GT511C3.c:356:6:touch_open	24	static
Fingerprint_sensor_GT511C3.c:380:5:touch_enrolled_count	16	static
Fingerprint_sensor_GT511C3.c:401:5:identify	24	static
Fingerprint_sensor_GT511C3.c:444:6:wait_for_finger	8	static
Fingerprint_sensor_GT511C3.c:450:6:wait_for_finger_release	8	static
Fingerprint_sensor_GT511C3.c:456:6:identification_enroll_user	48	static
Fingerprint_sensor_GT511C3.c:503:6:my_wait_for_finger	56	static
Fingerprint_sensor_GT511C3.c:516:6:my_wait_for_finger_release	56	static
Fingerprint_sensor_GT511C3.c:528:6:my_identification_enroll_user	64	static
Fingerprint_sensor_GT511C3.c:580:5:touch_check_enrolled	24	static
