main.c:130:7:HAL_UART_RxCpltCallback	16	static
main.c:167:5:main	16	static
main.c:378:6:SystemClock_Config	72	static
main.c:417:13:MX_I2C1_Init	8	static
main.c:451:13:MX_SPI2_Init	8	static
main.c:489:13:MX_TIM1_Init	96	static
main.c:564:13:MX_TIM2_Init	64	static
main.c:623:13:MX_TIM3_Init	64	static
main.c:686:13:MX_USART1_UART_Init	8	static
main.c:719:13:MX_USART2_UART_Init	8	static
main.c:752:13:MX_USART3_UART_Init	8	static
main.c:783:13:MX_DMA_Init	16	static
main.c:801:13:MX_GPIO_Init	40	static
main.c:876:6:HAL_TIM_PeriodElapsedCallback	16	static
main.c:887:6:buzzer_fricvency_setings	40	static
main.c:902:6:generate_sound	112	static
main.c:929:6:read_one_sign_from_keyboard	16	static
main.c:1065:5:gps_mode	24	static
main.c:1125:5:gsm_mode	144	static
main.c:1374:5:fingerprint_mode	80	static
main.c:1562:5:sensors_mode	4280	static
main.c:1830:6:show_sratus_call	40	static
main.c:1889:6:set_ID_number	16	static
main.c:1911:6:enter_a_mobile_number	64	static
main.c:1958:6:HAL_GPIO_EXTI_Callback	16	static
main.c:1977:6:servo_motor	16	static
main.c:2000:6:Error_Handler	4	static
