main.c:124:7:HAL_UART_RxCpltCallback	16	static
main.c:160:5:main	16	static
main.c:336:6:SystemClock_Config	72	static
main.c:375:13:MX_I2C1_Init	8	static
main.c:409:13:MX_SPI2_Init	8	static
main.c:447:13:MX_TIM1_Init	96	static
main.c:522:13:MX_TIM2_Init	64	static
main.c:581:13:MX_USART1_UART_Init	8	static
main.c:614:13:MX_USART2_UART_Init	8	static
main.c:647:13:MX_USART3_UART_Init	8	static
main.c:678:13:MX_DMA_Init	16	static
main.c:696:13:MX_GPIO_Init	40	static
main.c:765:6:HAL_TIM_PeriodElapsedCallback	16	static
main.c:776:6:buzzer_fricvency_setings	40	static
main.c:791:6:generate_sound	112	static
main.c:818:6:read_one_sign_from_keyboard	16	static
main.c:954:5:gps_mode	24	static
main.c:1015:5:gsm_mode	144	static
main.c:1264:5:fingerprint_mode	80	static
main.c:1449:5:sensors_mode	72	static
main.c:1590:6:show_sratus_call	40	static
main.c:1649:6:set_ID_number	16	static
main.c:1671:6:enter_a_mobile_number	64	static
main.c:1718:6:HAL_GPIO_EXTI_Callback	16	static
main.c:1737:6:servo_motor	16	static
main.c:1760:6:Error_Handler	4	static
