main.c:125:7:HAL_UART_RxCpltCallback	16	static
main.c:161:5:main	16	static
main.c:342:6:SystemClock_Config	72	static
main.c:381:13:MX_I2C1_Init	8	static
main.c:415:13:MX_SPI2_Init	8	static
main.c:453:13:MX_TIM1_Init	96	static
main.c:528:13:MX_TIM2_Init	64	static
main.c:587:13:MX_USART1_UART_Init	8	static
main.c:620:13:MX_USART2_UART_Init	8	static
main.c:653:13:MX_USART3_UART_Init	8	static
main.c:684:13:MX_DMA_Init	16	static
main.c:702:13:MX_GPIO_Init	40	static
main.c:778:6:HAL_TIM_PeriodElapsedCallback	16	static
main.c:789:6:buzzer_fricvency_setings	40	static
main.c:804:6:generate_sound	112	static
main.c:831:6:read_one_sign_from_keyboard	16	static
main.c:967:5:gps_mode	24	static
main.c:1028:5:gsm_mode	144	static
main.c:1277:5:fingerprint_mode	80	static
main.c:1462:5:sensors_mode	72	static
main.c:1603:6:show_sratus_call	40	static
main.c:1662:6:set_ID_number	16	static
main.c:1684:6:enter_a_mobile_number	64	static
main.c:1731:6:HAL_GPIO_EXTI_Callback	16	static
main.c:1750:6:servo_motor	16	static
main.c:1773:6:Error_Handler	4	static
