main.c:122:5:main	8	static
main.c:249:6:SystemClock_Config	72	static
main.c:288:13:MX_I2C1_Init	8	static
main.c:322:13:MX_SPI2_Init	8	static
main.c:360:13:MX_TIM1_Init	96	static
main.c:435:13:MX_TIM2_Init	32	static
main.c:480:13:MX_USART1_UART_Init	8	static
main.c:513:13:MX_USART2_UART_Init	8	static
main.c:546:13:MX_USART3_UART_Init	8	static
main.c:577:13:MX_DMA_Init	16	static
main.c:595:13:MX_GPIO_Init	40	static
main.c:631:6:HAL_TIM_PeriodElapsedCallback	16	static
main.c:641:6:buzzer_fricvency_setings	40	static
main.c:656:6:generate_sound	104	static
main.c:689:6:Error_Handler	4	static
