main.c:122:7:HAL_UART_RxCpltCallback	16	static
main.c:175:5:main	72	static
main.c:344:6:SystemClock_Config	72	static
main.c:383:13:MX_I2C1_Init	8	static
main.c:417:13:MX_SPI2_Init	8	static
main.c:455:13:MX_TIM1_Init	96	static
main.c:530:13:MX_TIM2_Init	32	static
main.c:575:13:MX_USART1_UART_Init	8	static
main.c:608:13:MX_USART2_UART_Init	8	static
main.c:641:13:MX_USART3_UART_Init	8	static
main.c:672:13:MX_DMA_Init	16	static
main.c:690:13:MX_GPIO_Init	40	static
main.c:759:6:HAL_TIM_PeriodElapsedCallback	16	static
main.c:769:6:buzzer_fricvency_setings	40	static
main.c:784:6:generate_sound	104	static
main.c:811:6:read_one_sign_from_keyboard	16	static
main.c:947:5:gps_mode	88	static
main.c:1024:5:gsm_mode	152	static
main.c:1377:5:fingerprint_mode	80	static
main.c:1547:5:sensors_mode	80	static
main.c:1728:6:show_sratus_call	72	static
main.c:1836:6:enter_a_mobile_number	64	static
main.c:1906:6:claen_oled_lines	56	static
main.c:1952:6:HAL_GPIO_EXTI_Callback	16	static
main.c:1971:6:detect_and_process_incoming_call_or_sms	4	static
main.c:1986:6:Error_Handler	4	static
