main.c:117:7:HAL_UART_RxCpltCallback	16	static
main.c:170:5:main	64	static
main.c:325:6:SystemClock_Config	72	static
main.c:364:13:MX_I2C1_Init	8	static
main.c:398:13:MX_SPI2_Init	8	static
main.c:436:13:MX_TIM1_Init	96	static
main.c:511:13:MX_TIM2_Init	32	static
main.c:556:13:MX_USART1_UART_Init	8	static
main.c:589:13:MX_USART2_UART_Init	8	static
main.c:622:13:MX_USART3_UART_Init	8	static
main.c:653:13:MX_DMA_Init	16	static
main.c:671:13:MX_GPIO_Init	40	static
main.c:730:6:HAL_TIM_PeriodElapsedCallback	16	static
main.c:740:6:buzzer_fricvency_setings	40	static
main.c:755:6:generate_sound	104	static
main.c:782:6:read_one_sign_from_keyboard	16	static
main.c:918:5:gps_mode	88	static
main.c:995:5:gsm_mode	144	static
main.c:1197:5:fingerprint_mode	80	static
main.c:1367:5:sensors_mode	80	static
main.c:1546:6:show_sratus_call	40	static
main.c:1642:6:Error_Handler	4	static
