main.c:124:7:HAL_UART_RxCpltCallback	16	static
main.c:160:5:main	16	static
main.c:340:6:SystemClock_Config	72	static
main.c:379:13:MX_I2C1_Init	8	static
main.c:413:13:MX_SPI2_Init	8	static
main.c:451:13:MX_TIM1_Init	96	static
main.c:526:13:MX_TIM2_Init	64	static
main.c:585:13:MX_USART1_UART_Init	8	static
main.c:618:13:MX_USART2_UART_Init	8	static
main.c:651:13:MX_USART3_UART_Init	8	static
main.c:682:13:MX_DMA_Init	16	static
main.c:700:13:MX_GPIO_Init	40	static
main.c:776:6:HAL_TIM_PeriodElapsedCallback	16	static
main.c:787:6:buzzer_fricvency_setings	40	static
main.c:802:6:generate_sound	112	static
main.c:829:6:read_one_sign_from_keyboard	16	static
main.c:965:5:gps_mode	24	static
main.c:1026:5:gsm_mode	144	static
main.c:1275:5:fingerprint_mode	80	static
main.c:1460:5:sensors_mode	72	static
main.c:1601:6:show_sratus_call	40	static
main.c:1660:6:set_ID_number	16	static
main.c:1682:6:enter_a_mobile_number	64	static
main.c:1729:6:HAL_GPIO_EXTI_Callback	16	static
main.c:1748:6:servo_motor	16	static
main.c:1771:6:Error_Handler	4	static
