main.c:129:7:HAL_UART_RxCpltCallback	16	static
main.c:166:5:main	16	static
main.c:403:6:SystemClock_Config	72	static
main.c:442:13:MX_I2C1_Init	8	static
main.c:476:13:MX_SPI2_Init	8	static
main.c:514:13:MX_TIM1_Init	96	static
main.c:589:13:MX_TIM2_Init	64	static
main.c:648:13:MX_TIM3_Init	64	static
main.c:712:13:MX_USART1_UART_Init	8	static
main.c:745:13:MX_USART2_UART_Init	8	static
main.c:778:13:MX_USART3_UART_Init	8	static
main.c:809:13:MX_DMA_Init	16	static
main.c:827:13:MX_GPIO_Init	40	static
main.c:902:6:HAL_TIM_PeriodElapsedCallback	16	static
main.c:913:6:buzzer_fricvency_setings	40	static
main.c:928:6:generate_sound	112	static
main.c:955:6:read_one_sign_from_keyboard	16	static
main.c:1091:5:gps_mode	24	static
main.c:1151:5:gsm_mode	144	static
main.c:1415:5:fingerprint_mode	80	static
main.c:1603:5:sensors_mode	4280	static
main.c:1883:6:show_sratus_call	40	static
main.c:1942:6:set_ID_number	16	static
main.c:1964:6:enter_a_mobile_number	64	static
main.c:2011:6:HAL_GPIO_EXTI_Callback	16	static
main.c:2030:6:servo_motor	16	static
main.c:2053:6:Error_Handler	4	static
