main.c:107:7:HAL_UART_RxCpltCallback	16	static
main.c:160:5:main	672	static
main.c:961:6:SystemClock_Config	72	static
main.c:1000:13:MX_I2C1_Init	8	static
main.c:1034:13:MX_SPI2_Init	8	static
main.c:1072:13:MX_TIM1_Init	96	static
main.c:1147:13:MX_TIM2_Init	32	static
main.c:1192:13:MX_USART1_UART_Init	8	static
main.c:1225:13:MX_USART2_UART_Init	8	static
main.c:1258:13:MX_USART3_UART_Init	8	static
main.c:1289:13:MX_DMA_Init	16	static
main.c:1307:13:MX_GPIO_Init	40	static
main.c:1366:6:HAL_TIM_PeriodElapsedCallback	16	static
main.c:1376:6:buzzer_fricvency_setings	40	static
main.c:1391:6:generate_sound	104	static
main.c:1418:6:read_one_sign_from_keyboard	16	static
main.c:1570:6:Error_Handler	4	static
