main.c:105:7:HAL_UART_RxCpltCallback	16	static
main.c:158:5:main	672	static
main.c:972:6:SystemClock_Config	72	static
main.c:1011:13:MX_I2C1_Init	8	static
main.c:1045:13:MX_SPI2_Init	8	static
main.c:1083:13:MX_TIM1_Init	96	static
main.c:1158:13:MX_TIM2_Init	32	static
main.c:1203:13:MX_USART1_UART_Init	8	static
main.c:1236:13:MX_USART2_UART_Init	8	static
main.c:1269:13:MX_USART3_UART_Init	8	static
main.c:1300:13:MX_DMA_Init	16	static
main.c:1318:13:MX_GPIO_Init	40	static
main.c:1377:6:HAL_TIM_PeriodElapsedCallback	16	static
main.c:1387:6:buzzer_fricvency_setings	40	static
main.c:1402:6:generate_sound	104	static
main.c:1429:6:read_one_sign_from_keyboard	16	static
main.c:1581:6:Error_Handler	4	static
