main.c:130:7:HAL_UART_RxCpltCallback	16	static
main.c:167:5:main	16	static
main.c:383:6:SystemClock_Config	72	static
main.c:422:13:MX_I2C1_Init	8	static
main.c:456:13:MX_SPI2_Init	8	static
main.c:494:13:MX_TIM1_Init	96	static
main.c:569:13:MX_TIM2_Init	64	static
main.c:628:13:MX_TIM3_Init	64	static
main.c:687:13:MX_USART1_UART_Init	8	static
main.c:720:13:MX_USART2_UART_Init	8	static
main.c:753:13:MX_USART3_UART_Init	8	static
main.c:784:13:MX_DMA_Init	16	static
main.c:802:13:MX_GPIO_Init	40	static
main.c:877:6:HAL_TIM_PeriodElapsedCallback	16	static
main.c:888:6:buzzer_fricvency_setings	40	static
main.c:903:6:generate_sound	112	static
main.c:930:6:read_one_sign_from_keyboard	16	static
main.c:1066:5:gps_mode	24	static
main.c:1126:5:gsm_mode	144	static
main.c:1375:5:fingerprint_mode	80	static
main.c:1563:5:sensors_mode	4280	static
main.c:1831:6:show_sratus_call	40	static
main.c:1890:6:set_ID_number	16	static
main.c:1912:6:enter_a_mobile_number	64	static
main.c:1959:6:HAL_GPIO_EXTI_Callback	16	static
main.c:1978:6:servo_motor	16	static
main.c:2001:6:Error_Handler	4	static
