main.c:120:7:HAL_UART_RxCpltCallback	16	static
main.c:173:5:main	64	static
main.c:331:6:SystemClock_Config	72	static
main.c:370:13:MX_I2C1_Init	8	static
main.c:404:13:MX_SPI2_Init	8	static
main.c:442:13:MX_TIM1_Init	96	static
main.c:517:13:MX_TIM2_Init	32	static
main.c:562:13:MX_USART1_UART_Init	8	static
main.c:595:13:MX_USART2_UART_Init	8	static
main.c:628:13:MX_USART3_UART_Init	8	static
main.c:659:13:MX_DMA_Init	16	static
main.c:677:13:MX_GPIO_Init	40	static
main.c:746:6:HAL_TIM_PeriodElapsedCallback	16	static
main.c:756:6:buzzer_fricvency_setings	40	static
main.c:771:6:generate_sound	104	static
main.c:798:6:read_one_sign_from_keyboard	16	static
main.c:934:5:gps_mode	88	static
main.c:1011:5:gsm_mode	112	static
main.c:1287:5:fingerprint_mode	80	static
main.c:1457:5:sensors_mode	80	static
main.c:1638:6:show_sratus_call	72	static
main.c:1746:6:enter_a_mobile_number	64	static
main.c:1816:6:claen_oled_lines	56	static
main.c:1862:6:HAL_GPIO_EXTI_Callback	16	static
main.c:1880:6:Error_Handler	4	static
