main.c:126:7:HAL_UART_RxCpltCallback	16	static
main.c:162:5:main	16	static
main.c:367:6:SystemClock_Config	72	static
main.c:406:13:MX_I2C1_Init	8	static
main.c:440:13:MX_SPI2_Init	8	static
main.c:478:13:MX_TIM1_Init	96	static
main.c:553:13:MX_TIM2_Init	64	static
main.c:612:13:MX_USART1_UART_Init	8	static
main.c:645:13:MX_USART2_UART_Init	8	static
main.c:678:13:MX_USART3_UART_Init	8	static
main.c:709:13:MX_DMA_Init	16	static
main.c:727:13:MX_GPIO_Init	40	static
main.c:802:6:HAL_TIM_PeriodElapsedCallback	16	static
main.c:813:6:buzzer_fricvency_setings	40	static
main.c:828:6:generate_sound	112	static
main.c:855:6:read_one_sign_from_keyboard	16	static
main.c:991:5:gps_mode	24	static
main.c:1051:5:gsm_mode	144	static
main.c:1300:5:fingerprint_mode	80	static
main.c:1485:5:sensors_mode	4280	static
main.c:1753:6:show_sratus_call	40	static
main.c:1812:6:set_ID_number	16	static
main.c:1834:6:enter_a_mobile_number	64	static
main.c:1881:6:HAL_GPIO_EXTI_Callback	16	static
main.c:1900:6:servo_motor	16	static
main.c:1923:6:Error_Handler	4	static
