main.c:117:7:HAL_UART_RxCpltCallback	16	static
main.c:170:5:main	160	static
main.c:373:6:SystemClock_Config	72	static
main.c:412:13:MX_I2C1_Init	8	static
main.c:446:13:MX_SPI2_Init	8	static
main.c:484:13:MX_TIM1_Init	96	static
main.c:559:13:MX_TIM2_Init	32	static
main.c:604:13:MX_USART1_UART_Init	8	static
main.c:637:13:MX_USART2_UART_Init	8	static
main.c:670:13:MX_USART3_UART_Init	8	static
main.c:701:13:MX_DMA_Init	16	static
main.c:719:13:MX_GPIO_Init	40	static
main.c:778:6:HAL_TIM_PeriodElapsedCallback	16	static
main.c:788:6:buzzer_fricvency_setings	40	static
main.c:803:6:generate_sound	104	static
main.c:830:6:read_one_sign_from_keyboard	16	static
main.c:966:5:gps_mode	88	static
main.c:1043:5:gsm_mode	80	static
main.c:1160:5:fingerprint_mode	80	static
main.c:1330:5:sensors_mode	80	static
main.c:1522:6:Error_Handler	4	static
