main.c:122:7:HAL_UART_RxCpltCallback	16	static
main.c:175:5:main	64	static
main.c:333:6:SystemClock_Config	72	static
main.c:372:13:MX_I2C1_Init	8	static
main.c:406:13:MX_SPI2_Init	8	static
main.c:444:13:MX_TIM1_Init	96	static
main.c:519:13:MX_TIM2_Init	32	static
main.c:564:13:MX_USART1_UART_Init	8	static
main.c:597:13:MX_USART2_UART_Init	8	static
main.c:630:13:MX_USART3_UART_Init	8	static
main.c:661:13:MX_DMA_Init	16	static
main.c:679:13:MX_GPIO_Init	40	static
main.c:748:6:HAL_TIM_PeriodElapsedCallback	16	static
main.c:758:6:buzzer_fricvency_setings	40	static
main.c:773:6:generate_sound	104	static
main.c:800:6:read_one_sign_from_keyboard	16	static
main.c:936:5:gps_mode	88	static
main.c:1013:5:gsm_mode	144	static
main.c:1404:5:fingerprint_mode	80	static
main.c:1574:5:sensors_mode	80	static
main.c:1755:6:show_sratus_call	72	static
main.c:1863:6:enter_a_mobile_number	64	static
main.c:1933:6:claen_oled_lines	56	static
main.c:1979:6:HAL_GPIO_EXTI_Callback	16	static
main.c:1998:6:detect_and_process_incoming_call_or_sms	4	static
main.c:2013:6:Error_Handler	4	static
