main.c:122:7:HAL_UART_RxCpltCallback	16	static
main.c:177:5:main	64	static
main.c:359:6:SystemClock_Config	72	static
main.c:398:13:MX_I2C1_Init	8	static
main.c:432:13:MX_SPI2_Init	8	static
main.c:470:13:MX_TIM1_Init	96	static
main.c:545:13:MX_TIM2_Init	32	static
main.c:590:13:MX_USART1_UART_Init	8	static
main.c:623:13:MX_USART2_UART_Init	8	static
main.c:656:13:MX_USART3_UART_Init	8	static
main.c:687:13:MX_DMA_Init	16	static
main.c:705:13:MX_GPIO_Init	40	static
main.c:774:6:HAL_TIM_PeriodElapsedCallback	16	static
main.c:784:6:buzzer_fricvency_setings	40	static
main.c:799:6:generate_sound	104	static
main.c:826:6:read_one_sign_from_keyboard	16	static
main.c:962:5:gps_mode	88	static
main.c:1039:5:gsm_mode	152	static
main.c:1392:5:fingerprint_mode	80	static
main.c:1684:5:sensors_mode	80	static
main.c:1865:6:show_sratus_call	72	static
main.c:1973:6:enter_a_mobile_number	64	static
main.c:2043:6:claen_oled_lines	56	static
main.c:2089:6:HAL_GPIO_EXTI_Callback	16	static
main.c:2108:6:detect_and_process_incoming_call_or_sms	4	static
main.c:2123:6:Error_Handler	4	static
