core_cm3.h:1511:22:__NVIC_EnableIRQ	16	static
main.c:146:5:main	72	static
main.c:478:6:SystemClock_Config	72	static
main.c:517:13:MX_I2C1_Init	8	static
main.c:551:13:MX_SPI2_Init	8	static
main.c:589:13:MX_TIM1_Init	96	static
main.c:664:13:MX_TIM2_Init	32	static
main.c:709:13:MX_USART1_UART_Init	8	static
main.c:742:13:MX_USART2_UART_Init	8	static
main.c:775:13:MX_USART3_UART_Init	8	static
main.c:806:13:MX_DMA_Init	16	static
main.c:824:13:MX_GPIO_Init	40	static
main.c:860:6:HAL_TIM_PeriodElapsedCallback	16	static
main.c:870:6:buzzer_fricvency_setings	40	static
main.c:885:6:generate_sound	104	static
main.c:950:5:init_gsm_module	72	static
main.c:1372:6:send_sms_on_number	4	static
main.c:1386:6:Error_Handler	4	static
