main.c:118:7:HAL_UART_RxCpltCallback	16	static
main.c:153:5:main	16	static
main.c:314:6:SystemClock_Config	72	static
main.c:353:13:MX_I2C1_Init	8	static
main.c:387:13:MX_SPI2_Init	8	static
main.c:425:13:MX_TIM1_Init	96	static
main.c:500:13:MX_TIM2_Init	32	static
main.c:545:13:MX_USART1_UART_Init	8	static
main.c:578:13:MX_USART2_UART_Init	8	static
main.c:611:13:MX_USART3_UART_Init	8	static
main.c:642:13:MX_DMA_Init	16	static
main.c:660:13:MX_GPIO_Init	40	static
main.c:729:6:HAL_TIM_PeriodElapsedCallback	16	static
main.c:739:6:buzzer_fricvency_setings	40	static
main.c:754:6:generate_sound	104	static
main.c:781:6:read_one_sign_from_keyboard	16	static
main.c:917:5:gps_mode	88	static
main.c:991:5:gsm_mode	152	static
main.c:1321:5:fingerprint_mode	80	static
main.c:1584:5:sensors_mode	80	static
main.c:1765:6:show_sratus_call	72	static
main.c:1873:6:enter_a_mobile_number	72	static
main.c:1932:6:claen_oled_lines	56	static
main.c:1970:6:HAL_GPIO_EXTI_Callback	16	static
main.c:1999:6:Error_Handler	4	static
