main.c:83:7:HAL_UART_RxCpltCallback	16	static
main.c:118:5:main	520	static
main.c:245:6:SystemClock_Config	72	static
main.c:284:13:MX_I2C1_Init	8	static
main.c:318:13:MX_SPI2_Init	8	static
main.c:356:13:MX_TIM1_Init	96	static
main.c:431:13:MX_TIM2_Init	32	static
main.c:476:13:MX_USART1_UART_Init	8	static
main.c:509:13:MX_USART2_UART_Init	8	static
main.c:542:13:MX_USART3_UART_Init	8	static
main.c:573:13:MX_DMA_Init	16	static
main.c:591:13:MX_GPIO_Init	40	static
main.c:627:6:HAL_TIM_PeriodElapsedCallback	16	static
main.c:637:6:buzzer_fricvency_setings	40	static
main.c:652:6:generate_sound	104	static
main.c:685:6:Error_Handler	4	static
