main.c:107:7:HAL_UART_RxCpltCallback	16	static
main.c:160:5:main	672	static
main.c:960:6:SystemClock_Config	72	static
main.c:999:13:MX_I2C1_Init	8	static
main.c:1033:13:MX_SPI2_Init	8	static
main.c:1071:13:MX_TIM1_Init	96	static
main.c:1146:13:MX_TIM2_Init	32	static
main.c:1191:13:MX_USART1_UART_Init	8	static
main.c:1224:13:MX_USART2_UART_Init	8	static
main.c:1257:13:MX_USART3_UART_Init	8	static
main.c:1288:13:MX_DMA_Init	16	static
main.c:1306:13:MX_GPIO_Init	40	static
main.c:1365:6:HAL_TIM_PeriodElapsedCallback	16	static
main.c:1375:6:buzzer_fricvency_setings	40	static
main.c:1390:6:generate_sound	104	static
main.c:1417:6:read_one_sign_from_keyboard	16	static
main.c:1569:6:Error_Handler	4	static
