main.c:120:7:HAL_UART_RxCpltCallback	16	static
main.c:155:5:main	16	static
main.c:318:6:SystemClock_Config	72	static
main.c:357:13:MX_I2C1_Init	8	static
main.c:391:13:MX_SPI2_Init	8	static
main.c:429:13:MX_TIM1_Init	96	static
main.c:504:13:MX_TIM2_Init	32	static
main.c:549:13:MX_USART1_UART_Init	8	static
main.c:582:13:MX_USART2_UART_Init	8	static
main.c:615:13:MX_USART3_UART_Init	8	static
main.c:646:13:MX_DMA_Init	16	static
main.c:664:13:MX_GPIO_Init	40	static
main.c:733:6:HAL_TIM_PeriodElapsedCallback	16	static
main.c:743:6:buzzer_fricvency_setings	40	static
main.c:758:6:generate_sound	104	static
main.c:785:6:read_one_sign_from_keyboard	16	static
main.c:921:5:gps_mode	80	static
main.c:1000:5:gsm_mode	144	static
main.c:1351:5:fingerprint_mode	80	static
main.c:1596:5:sensors_mode	72	static
main.c:1784:6:show_sratus_call	48	static
main.c:1888:6:set_ID_number	16	static
main.c:1914:6:enter_a_mobile_number	72	static
main.c:2011:6:HAL_GPIO_EXTI_Callback	16	static
main.c:2036:6:write_data_in_buffer	32	static
main.c:2065:6:Error_Handler	4	static
