main.c:120:7:HAL_UART_RxCpltCallback	16	static
main.c:155:5:main	16	static
main.c:316:6:SystemClock_Config	72	static
main.c:355:13:MX_I2C1_Init	8	static
main.c:389:13:MX_SPI2_Init	8	static
main.c:427:13:MX_TIM1_Init	96	static
main.c:502:13:MX_TIM2_Init	32	static
main.c:547:13:MX_USART1_UART_Init	8	static
main.c:580:13:MX_USART2_UART_Init	8	static
main.c:613:13:MX_USART3_UART_Init	8	static
main.c:644:13:MX_DMA_Init	16	static
main.c:662:13:MX_GPIO_Init	40	static
main.c:731:6:HAL_TIM_PeriodElapsedCallback	16	static
main.c:741:6:buzzer_fricvency_setings	40	static
main.c:756:6:generate_sound	104	static
main.c:783:6:read_one_sign_from_keyboard	16	static
main.c:919:5:gps_mode	88	static
main.c:993:5:gsm_mode	152	static
main.c:1340:5:fingerprint_mode	80	static
main.c:1632:5:sensors_mode	80	static
main.c:1813:6:show_sratus_call	72	static
main.c:1921:6:enter_a_mobile_number	64	static
main.c:1991:6:claen_oled_lines	56	static
main.c:2037:6:HAL_GPIO_EXTI_Callback	16	static
main.c:2056:6:detect_and_process_incoming_call_or_sms	4	static
main.c:2065:6:clearing_buffer	24	static
main.c:2072:6:test_function	120	static
main.c:2106:6:Error_Handler	4	static
