main.c:111:7:HAL_UART_RxCpltCallback	16	static
main.c:164:5:main	160	static
main.c:806:6:SystemClock_Config	72	static
main.c:845:13:MX_I2C1_Init	8	static
main.c:879:13:MX_SPI2_Init	8	static
main.c:917:13:MX_TIM1_Init	96	static
main.c:992:13:MX_TIM2_Init	32	static
main.c:1037:13:MX_USART1_UART_Init	8	static
main.c:1070:13:MX_USART2_UART_Init	8	static
main.c:1103:13:MX_USART3_UART_Init	8	static
main.c:1134:13:MX_DMA_Init	16	static
main.c:1152:13:MX_GPIO_Init	40	static
main.c:1211:6:HAL_TIM_PeriodElapsedCallback	16	static
main.c:1221:6:buzzer_fricvency_setings	40	static
main.c:1236:6:generate_sound	104	static
main.c:1263:6:read_one_sign_from_keyboard	16	static
main.c:1401:5:gps_mode	88	static
main.c:1493:6:Error_Handler	4	static
