w25qxx.c:26:9:W25qxx_Spi	32	static
w25qxx.c:46:10:W25qxx_ReadID	24	static
w25qxx.c:81:6:W25qxx_WriteEnable	8	static
w25qxx.c:90:6:W25qxx_WriteDisable	8	static
w25qxx.c:155:6:W25qxx_WaitForWriteEnd	8	static
w25qxx.c:171:9:W25qxx_Init	16	static
w25qxx.c:388:6:W25qxx_EraseChip	8	static
w25qxx.c:409:6:W25qxx_EraseSector	16	static
w25qxx.c:441:6:W25qxx_EraseBlock	16	static
w25qxx.c:474:10:W25qxx_PageToSector	16	static
w25qxx.c:480:10:W25qxx_PageToBlock	16	static
w25qxx.c:486:10:W25qxx_SectorToBlock	16	static
w25qxx.c:492:10:W25qxx_SectorToPage	16	static
w25qxx.c:498:10:W25qxx_BlockToPage	16	static
w25qxx.c:504:9:W25qxx_IsEmptyPage	288	static
w25qxx.c:549:9:W25qxx_IsEmptySector	296	static
w25qxx.c:630:9:W25qxx_IsEmptyBlock	296	static
w25qxx.c:711:6:W25qxx_WriteByte	16	static
w25qxx.c:742:6:W25qxx_WritePage	24	static
w25qxx.c:786:6:W25qxx_WriteSector	40	static
w25qxx.c:817:6:W25qxx_WriteBlock	40	static
w25qxx.c:848:6:W25qxx_ReadByte	16	static
w25qxx.c:874:6:W25qxx_ReadBytes	24	static
w25qxx.c:914:6:W25qxx_ReadPage	24	static
w25qxx.c:962:6:W25qxx_ReadSector	40	static
w25qxx.c:993:6:W25qxx_ReadBlock	40	static
